// Jest Snapshot v1, https://goo.gl/fbAQLP

exports[`renders correctly 1`] = `
<div
  className="inline-flex rounded-md shadow"
>
  <a
    className="inline-flex items-center justify-center px-5 py-3 border border-transparent text-base leading-6 font-medium rounded-md focus:outline-none focus:shadow-outline transition duration-150 ease-in-out text-white bg-indigo-600 hover:bg-indigo-500"
    href="/#"
    onClick={[Function]}
    onMouseEnter={[Function]}
  >
    Default Button
  </a>
</div>
`;
